.....                                                                    [100%]
============================== warnings summary ===============================
..\.venv\Lib\site-packages\fastapi\testclient.py:1
  C:\Users\jrsie\OneDrive\Attachments\Desktop\ITSC-3155\tdd activity sheep compendium\.venv\Lib\site-packages\fastapi\testclient.py:1: StarletteDeprecationWarning: Using `httpx` with `starlette.testclient` is deprecated; install `httpx2` instead.
    from starlette.testclient import TestClient as TestClient  # noqa

-- Docs: https://docs.pytest.org/en/stable/how-to/capture-warnings.html
5 passed, 1 warning in 0.37s
